2026-05-26 13:01:19,799 - INFO - Loading file : weatherAUS.csv
2026-05-26 13:01:20,358 - INFO - Successfully loaded 145460 rows and 23 columns
2026-05-26 13:01:20,437 - WARNING - High missing data: 10.3% of dataset is null
2026-05-26 13:01:20,437 - INFO - Extract complete.
2026-05-27 12:49:22,181 - INFO - Loading file : weatherAUS.csv
2026-05-27 12:49:22,925 - INFO - Successfully loaded 145460 rows and 23 columns
2026-05-27 12:49:23,038 - WARNING - High missing data: 10.3% of dataset is null
2026-05-27 12:49:23,041 - INFO - Extract complete.
2026-05-27 12:50:10,363 - INFO - Loading file : weatherAUS.csv
2026-05-27 12:50:10,917 - INFO - Successfully loaded 145460 rows and 23 columns
2026-05-27 12:50:11,021 - WARNING - High missing data: 10.3% of dataset is null
2026-05-27 12:50:11,025 - INFO - Extract complete.
2026-05-27 12:51:15,795 - INFO - Loading file : weatherAUS.csv
2026-05-27 12:51:16,357 - INFO - Successfully loaded 145460 rows and 23 columns
2026-05-27 12:51:16,438 - WARNING - High missing data: 10.3% of dataset is null
2026-05-27 12:51:16,448 - INFO - Extract complete.
2026-05-27 12:58:05,153 - INFO - Loading file : weatherAUS.csv
2026-05-27 12:58:05,779 - INFO - Successfully loaded 145460 rows and 23 columns
2026-05-27 12:58:05,852 - WARNING - High missing data: 10.3% of dataset is null
2026-05-27 12:58:05,859 - INFO - Extract complete.
2026-05-27 12:58:05,859 - INFO - starting the transformation....
2026-05-27 12:58:05,910 - INFO - Dropped 3 columns with > 40%  missing value
2026-05-27 12:58:06,076 - INFO - transformation complete.
2026-05-27 12:58:22,588 - INFO - Loading file : weatherAUS.csv
2026-05-27 12:58:23,115 - INFO - Successfully loaded 145460 rows and 23 columns
2026-05-27 12:58:23,205 - WARNING - High missing data: 10.3% of dataset is null
2026-05-27 12:58:23,206 - INFO - Extract complete.
2026-05-27 12:58:23,206 - INFO - starting the transformation....
2026-05-27 12:58:23,282 - INFO - Dropped 3 columns with > 40%  missing value
2026-05-27 12:58:23,819 - INFO - transformation complete.
2026-05-27 12:59:36,422 - INFO - Loading file : weatherAUS.csv
2026-05-27 12:59:36,906 - INFO - Successfully loaded 145460 rows and 23 columns
2026-05-27 12:59:36,983 - WARNING - High missing data: 10.3% of dataset is null
2026-05-27 12:59:36,983 - INFO - Extract complete.
2026-05-27 12:59:36,983 - INFO - starting the transformation....
2026-05-27 12:59:37,055 - INFO - Dropped 3 columns with > 40%  missing value
2026-05-27 12:59:37,505 - INFO - transformation complete.
2026-05-27 13:08:35,147 - INFO - Loading file : weatherAUS.csv
2026-05-27 13:08:35,622 - INFO - Successfully loaded 145460 rows and 23 columns
2026-05-27 13:08:35,672 - WARNING - High missing data: 10.3% of dataset is null
2026-05-27 13:08:35,672 - INFO - Extract complete.
2026-05-27 13:08:35,672 - INFO - starting the transformation....
2026-05-27 13:08:35,719 - INFO - Dropped 3 columns with > 40%  missing value
2026-05-27 13:08:35,794 - INFO - Filled numeric columns: 13 columns
2026-05-27 13:08:47,034 - INFO - Loading file : weatherAUS.csv
2026-05-27 13:08:47,546 - INFO - Successfully loaded 145460 rows and 23 columns
2026-05-27 13:08:47,619 - WARNING - High missing data: 10.3% of dataset is null
2026-05-27 13:08:47,621 - INFO - Extract complete.
2026-05-27 13:08:47,621 - INFO - starting the transformation....
2026-05-27 13:08:47,689 - INFO - Dropped 3 columns with > 40%  missing value
2026-05-27 13:08:47,769 - INFO - Filled numeric columns: 13 columns
2026-05-27 13:10:09,781 - INFO - Loading file : weatherAUS.csv
2026-05-27 13:10:10,263 - INFO - Successfully loaded 145460 rows and 23 columns
2026-05-27 13:10:10,313 - WARNING - High missing data: 10.3% of dataset is null
2026-05-27 13:10:10,314 - INFO - Extract complete.
2026-05-27 13:10:10,314 - INFO - starting the transformation....
2026-05-27 13:10:10,362 - INFO - Dropped 3 columns with > 40%  missing value
2026-05-27 13:10:10,417 - INFO - Filled numeric columns: 13 columns
2026-05-27 13:10:10,473 - INFO - Filled text columns: 7 columns
2026-05-27 13:10:10,522 - INFO - All missing values have been filled!
2026-05-27 13:10:10,522 - INFO - transformation complete.
2026-05-27 13:10:17,607 - INFO - Loading file : weatherAUS.csv
2026-05-27 13:10:18,068 - INFO - Successfully loaded 145460 rows and 23 columns
2026-05-27 13:10:18,143 - WARNING - High missing data: 10.3% of dataset is null
2026-05-27 13:10:18,144 - INFO - Extract complete.
2026-05-27 13:10:18,144 - INFO - starting the transformation....
2026-05-27 13:10:18,215 - INFO - Dropped 3 columns with > 40%  missing value
2026-05-27 13:10:18,302 - INFO - Filled numeric columns: 13 columns
2026-05-27 13:10:18,370 - INFO - Filled text columns: 7 columns
2026-05-27 13:10:18,440 - INFO - All missing values have been filled!
2026-05-27 13:10:18,440 - INFO - transformation complete.
2026-05-27 13:12:38,071 - INFO - Loading file : weatherAUS.csv
2026-05-27 13:12:38,559 - INFO - Successfully loaded 145460 rows and 23 columns
2026-05-27 13:12:38,638 - WARNING - High missing data: 10.3% of dataset is null
2026-05-27 13:12:38,639 - INFO - Extract complete.
2026-05-27 13:12:38,639 - INFO - starting the transformation....
2026-05-27 13:12:38,711 - INFO - Dropped 3 columns: ['Evaporation', 'Sunshine', 'Cloud3pm']
2026-05-27 13:12:38,803 - INFO - Filled numeric columns: 13 columns
2026-05-27 13:12:38,874 - INFO - Filled text columns: 7 columns
2026-05-27 13:12:38,947 - INFO - All missing values have been filled!
2026-05-27 13:12:38,947 - INFO - transformation complete.
2026-05-27 16:32:57,597 - INFO - Loading file : weatherAUS.csv
2026-05-27 16:32:58,363 - INFO - Successfully loaded 145460 rows and 23 columns
2026-05-27 16:32:58,470 - WARNING - High missing data: 10.3% of dataset is null
2026-05-27 16:32:58,470 - INFO - Extract complete.
2026-05-27 16:32:58,470 - INFO - starting the transformation....
2026-05-27 16:32:58,563 - INFO - Dropped 3 columns: ['Evaporation', 'Sunshine', 'Cloud3pm']
2026-05-27 16:32:58,659 - INFO - Filled numeric columns: 13 columns
2026-05-27 16:32:58,749 - INFO - Filled text columns: 7 columns
2026-05-27 16:32:58,827 - INFO - All missing values have been filled!
2026-05-27 16:32:58,827 - INFO - transformation complete.
2026-05-27 16:32:58,828 - INFO - Fixing the names and data types...
2026-05-27 16:32:59,168 - INFO - Added derived date columns: year, month, day, day_of_week
2026-05-27 16:32:59,247 - INFO - Schema fixed . Columns now: ['date', 'location', 'mintemp', 'maxtemp', 'rainfall', 'windgustdir', 'windgustspeed', 'winddir9am', 'winddir3pm', 'windspeed9am', 'windspeed3pm', 'humidity9am', 'humidity3pm', 'pressure9am', 'pressure3pm', 'cloud9am', 'temp9am', 'temp3pm', 'raintoday', 'raintomorrow', 'year', 'month', 'day', 'day_of_week']
2026-05-27 16:34:37,006 - INFO - Loading file : weatherAUS.csv
2026-05-27 16:34:37,536 - INFO - Successfully loaded 145460 rows and 23 columns
2026-05-27 16:34:37,592 - WARNING - High missing data: 10.3% of dataset is null
2026-05-27 16:34:37,592 - INFO - Extract complete.
2026-05-27 16:34:37,593 - INFO - starting the transformation....
2026-05-27 16:34:37,651 - INFO - Dropped 3 columns: ['Evaporation', 'Sunshine', 'Cloud3pm']
2026-05-27 16:34:37,723 - INFO - Filled numeric columns: 13 columns
2026-05-27 16:34:37,769 - INFO - Filled text columns: 7 columns
2026-05-27 16:34:37,818 - INFO - All missing values have been filled!
2026-05-27 16:34:37,819 - INFO - transformation complete.
2026-05-27 16:34:37,819 - INFO - Fixing the names and data types...
2026-05-27 16:34:37,820 - INFO - Renamed columns: 20 to 20 columns
2026-05-27 16:34:37,965 - INFO - Added derived date columns: year, month, day, day_of_week
2026-05-27 16:34:38,008 - INFO - Schema fixed . Columns now: ['date', 'location', 'mintemp', 'maxtemp', 'rainfall', 'windgustdir', 'windgustspeed', 'winddir9am', 'winddir3pm', 'windspeed9am', 'windspeed3pm', 'humidity9am', 'humidity3pm', 'pressure9am', 'pressure3pm', 'cloud9am', 'temp9am', 'temp3pm', 'raintoday', 'raintomorrow', 'year', 'month', 'day', 'day_of_week']
2026-05-27 16:36:43,057 - INFO - Loading file : weatherAUS.csv
2026-05-27 16:36:43,926 - INFO - Successfully loaded 145460 rows and 23 columns
2026-05-27 16:36:44,015 - WARNING - High missing data: 10.3% of dataset is null
2026-05-27 16:36:44,015 - INFO - Extract complete.
2026-05-27 16:36:44,015 - INFO - starting the transformation....
2026-05-27 16:36:44,115 - INFO - Dropped 3 columns: ['Evaporation', 'Sunshine', 'Cloud3pm']
2026-05-27 16:36:44,223 - INFO - Filled numeric columns: 13 columns
2026-05-27 16:36:44,335 - INFO - Filled text columns: 7 columns
2026-05-27 16:36:44,437 - INFO - All missing values have been filled!
2026-05-27 16:36:44,438 - INFO - transformation complete.
2026-05-27 16:36:44,438 - INFO - Fixing the names and data types...
2026-05-27 16:36:44,440 - INFO - Renamed columns: 20 to 20 columns
2026-05-27 16:36:44,675 - INFO - Added derived date columns: year, month, day, day_of_week
2026-05-27 16:36:44,778 - INFO - Schema fixed . Columns now: ['date', 'location', 'mintemp', 'maxtemp', 'rainfall', 'windgustdir', 'windgustspeed', 'winddir9am', 'winddir3pm', 'windspeed9am', 'windspeed3pm', 'humidity9am', 'humidity3pm', 'pressure9am', 'pressure3pm', 'cloud9am', 'temp9am', 'temp3pm', 'raintoday', 'raintomorrow', 'year', 'month', 'day', 'day_of_week']
2026-05-27 16:46:54,981 - INFO - Loading file : weatherAUS.csv
2026-05-27 16:46:55,486 - INFO - Successfully loaded 145460 rows and 23 columns
2026-05-27 16:46:55,575 - WARNING - High missing data: 10.3% of dataset is null
2026-05-27 16:46:55,579 - INFO - Extract complete.
2026-05-27 16:46:55,579 - INFO - starting the transformation....
2026-05-27 16:46:55,703 - INFO - Dropped 3 columns: ['Evaporation', 'Sunshine', 'Cloud3pm']
2026-05-27 16:46:55,830 - INFO - Filled numeric columns: 13 columns
2026-05-27 16:46:55,915 - INFO - Filled text columns: 7 columns
2026-05-27 16:46:55,991 - INFO - All missing values have been filled!
2026-05-27 16:46:55,991 - INFO - transformation complete.
2026-05-27 16:48:35,266 - INFO - Loading file : weatherAUS.csv
2026-05-27 16:48:35,868 - INFO - Successfully loaded 145460 rows and 23 columns
2026-05-27 16:48:35,945 - WARNING - High missing data: 10.3% of dataset is null
2026-05-27 16:48:35,946 - INFO - Extract complete.
2026-05-27 16:48:35,946 - INFO - starting the transformation....
2026-05-27 16:48:36,005 - INFO - Dropped 3 columns: ['Evaporation', 'Sunshine', 'Cloud3pm']
2026-05-27 16:48:36,076 - INFO - Filled numeric columns: 13 columns
2026-05-27 16:48:36,131 - INFO - Filled text columns: 7 columns
2026-05-27 16:48:36,181 - INFO - All missing values have been filled!
2026-05-27 16:48:36,182 - INFO - transformation complete.
2026-05-27 16:48:36,182 - INFO - Fixing the names and data types...
2026-05-27 16:48:36,183 - INFO - Renamed columns: 20 to 20 columns
2026-05-27 16:48:36,326 - INFO - Added derived date columns: year, month, day, day_of_week
2026-05-27 16:48:36,370 - INFO - Schema fixed . Columns now: ['date', 'location', 'mintemp', 'maxtemp', 'rainfall', 'windgustdir', 'windgustspeed', 'winddir9am', 'winddir3pm', 'windspeed9am', 'windspeed3pm', 'humidity9am', 'humidity3pm', 'pressure9am', 'pressure3pm', 'cloud9am', 'temp9am', 'temp3pm', 'raintoday', 'raintomorrow', 'year', 'month', 'day', 'day_of_week']
2026-06-04 19:45:11,702 - INFO - Loading file : weatherAUS.csv
2026-06-04 19:45:12,549 - INFO - Successfully loaded 145460 rows and 23 columns
2026-06-04 19:45:12,700 - WARNING - High missing data: 10.3% of dataset is null
2026-06-04 19:45:12,702 - INFO - Extract complete.
2026-06-04 19:45:12,702 - INFO - starting the transformation....
2026-06-04 19:45:12,884 - INFO - Dropped 3 columns: ['Evaporation', 'Sunshine', 'Cloud3pm']
2026-06-04 19:45:13,032 - INFO - Filled numeric columns: 13 columns
2026-06-04 19:45:13,146 - INFO - Filled text columns: 7 columns
2026-06-04 19:45:13,251 - INFO - All missing values have been filled!
2026-06-04 19:45:13,251 - INFO - transformation complete.
2026-06-04 19:45:13,252 - INFO - Fixing the names and data types...
2026-06-04 19:45:13,253 - INFO - Renamed columns: 20 to 20 columns
2026-06-04 19:45:13,467 - INFO - Added derived date columns: year, month, day, day_of_week
2026-06-04 19:45:13,467 - WARNING - Could not find temperature columns. Found max: None, min: mintemp
2026-06-04 19:45:13,477 - INFO - Created 'season' column from month
2026-06-04 19:45:13,581 - INFO - Schema fixed . Columns now: ['date', 'location', 'mintemp', 'maxtemp', 'rainfall', 'windgustdir', 'windgustspeed', 'winddir9am', 'winddir3pm', 'windspeed9am', 'windspeed3pm', 'humidity9am', 'humidity3pm', 'pressure9am', 'pressure3pm', 'cloud9am', 'temp9am', 'temp3pm', 'raintoday', 'raintomorrow', 'year', 'month', 'day', 'day_of_week', 'season']
2026-06-04 19:49:17,154 - INFO - Loading file : weatherAUS.csv
2026-06-04 19:49:17,840 - INFO - Successfully loaded 145460 rows and 23 columns
2026-06-04 19:49:17,905 - WARNING - High missing data: 10.3% of dataset is null
2026-06-04 19:49:17,906 - INFO - Extract complete.
2026-06-04 19:49:17,906 - INFO - starting the transformation....
2026-06-04 19:49:18,002 - INFO - Dropped 3 columns: ['Evaporation', 'Sunshine', 'Cloud3pm']
2026-06-04 19:49:18,098 - INFO - Filled numeric columns: 13 columns
2026-06-04 19:49:18,162 - INFO - Filled text columns: 7 columns
2026-06-04 19:49:18,225 - INFO - All missing values have been filled!
2026-06-04 19:49:18,226 - INFO - transformation complete.
2026-06-04 19:49:18,226 - INFO - Fixing the names and data types...
2026-06-04 19:49:18,227 - INFO - Renamed columns: 20 to 20 columns
2026-06-04 19:49:18,379 - INFO - Added derived date columns: year, month, day, day_of_week
2026-06-04 19:49:18,381 - INFO - Created 'temp_range' feature using maxtemp and mintemp
2026-06-04 19:49:18,382 - INFO - Created 'is_hot_day' feature (True when maxtemp > 35)
2026-06-04 19:49:18,386 - INFO - Created 'season' column from month
2026-06-04 19:49:18,435 - INFO - Schema fixed . Columns now: ['date', 'location', 'mintemp', 'maxtemp', 'rainfall', 'windgustdir', 'windgustspeed', 'winddir9am', 'winddir3pm', 'windspeed9am', 'windspeed3pm', 'humidity9am', 'humidity3pm', 'pressure9am', 'pressure3pm', 'cloud9am', 'temp9am', 'temp3pm', 'raintoday', 'raintomorrow', 'year', 'month', 'day', 'day_of_week', 'temp_range', 'is_hot_day', 'season']
2026-06-05 12:11:14,183 - INFO - Loading file : weatherAUS.csv
2026-06-05 12:11:15,078 - INFO - Successfully loaded 145460 rows and 23 columns
2026-06-05 12:11:15,150 - WARNING - High missing data: 10.3% of dataset is null
2026-06-05 12:11:15,151 - INFO - Extract complete.
2026-06-05 12:11:15,151 - INFO - starting the transformation....
2026-06-05 12:11:15,221 - INFO - Dropped 3 columns: ['Evaporation', 'Sunshine', 'Cloud3pm']
2026-06-05 12:11:15,312 - INFO - Filled numeric columns: 13 columns
2026-06-05 12:11:15,371 - INFO - Filled text columns: 7 columns
2026-06-05 12:11:15,427 - INFO - All missing values have been filled!
2026-06-05 12:11:15,428 - INFO - transformation complete.
2026-06-05 12:11:15,428 - INFO - Fixing the names and data types...
2026-06-05 12:11:15,429 - INFO - Renamed columns: 20 to 20 columns
2026-06-05 12:11:15,584 - INFO - Added derived date columns: year, month, day, day_of_week
2026-06-05 12:11:15,586 - INFO - Created 'temp_range' feature using maxtemp and mintemp
2026-06-05 12:11:15,586 - INFO - Created 'is_hot_day' feature (True when maxtemp > 35)
2026-06-05 12:11:15,601 - INFO - Created 'season' column from month
2026-06-05 12:11:15,700 - INFO - Schema fixed . Columns now: ['date', 'location', 'mintemp', 'maxtemp', 'rainfall', 'windgustdir', 'windgustspeed', 'winddir9am', 'winddir3pm', 'windspeed9am', 'windspeed3pm', 'humidity9am', 'humidity3pm', 'pressure9am', 'pressure3pm', 'cloud9am', 'temp9am', 'temp3pm', 'raintoday', 'raintomorrow', 'year', 'month', 'day', 'day_of_week', 'temp_range', 'is_hot_day', 'season']
2026-06-05 12:11:15,740 - INFO - Saving to Parquet: data/weather_cleaned.parquet
2026-06-05 12:11:15,742 - ERROR - Failed to save parquet file: `Import pyarrow` failed. pyarrow is required for parquet support. Use pip or conda to install the pyarrow package.
2026-06-05 12:17:22,848 - INFO - Loading file : weatherAUS.csv
2026-06-05 12:17:23,538 - INFO - Successfully loaded 145460 rows and 23 columns
2026-06-05 12:17:23,555 - WARNING - High missing data: 10.3% of dataset is null
2026-06-05 12:17:23,555 - INFO - Extract complete.
2026-06-05 12:17:23,556 - INFO - starting the transformation....
2026-06-05 12:17:23,577 - INFO - Dropped 3 columns: ['Evaporation', 'Sunshine', 'Cloud3pm']
2026-06-05 12:17:23,667 - INFO - Filled numeric columns: 13 columns
2026-06-05 12:17:23,718 - INFO - Filled text columns: 7 columns
2026-06-05 12:17:23,727 - INFO - All missing values have been filled!
2026-06-05 12:17:23,728 - INFO - transformation complete.
2026-06-05 12:17:23,728 - INFO - Fixing the names and data types...
2026-06-05 12:17:23,733 - INFO - Renamed columns: 20 to 20 columns
2026-06-05 12:17:23,928 - INFO - Added derived date columns: year, month, day, day_of_week
2026-06-05 12:17:23,930 - INFO - Created 'temp_range' feature using maxtemp and mintemp
2026-06-05 12:17:23,931 - INFO - Created 'is_hot_day' feature (True when maxtemp > 35)
2026-06-05 12:17:23,940 - INFO - Created 'season' column from month
2026-06-05 12:17:23,961 - INFO - Schema fixed . Columns now: ['date', 'location', 'mintemp', 'maxtemp', 'rainfall', 'windgustdir', 'windgustspeed', 'winddir9am', 'winddir3pm', 'windspeed9am', 'windspeed3pm', 'humidity9am', 'humidity3pm', 'pressure9am', 'pressure3pm', 'cloud9am', 'temp9am', 'temp3pm', 'raintoday', 'raintomorrow', 'year', 'month', 'day', 'day_of_week', 'temp_range', 'is_hot_day', 'season']
2026-06-05 12:17:23,995 - INFO - Saving to Parquet: data/weather_cleaned.parquet
2026-06-05 12:17:24,602 - INFO - Successfully saved DataFrame with 145460 rows to data/weather_cleaned.parquet
2026-06-05 12:17:25,467 - INFO - Row count verification PASSED: 145460 rows saved and verified
2026-06-05 12:17:25,468 - INFO - ==================================================
2026-06-05 12:17:25,468 - INFO - FILE SIZE COMPARISON
2026-06-05 12:17:25,468 - INFO - CSV file size:     13.44 MB
2026-06-05 12:17:25,469 - INFO - Parquet file size: 2.35 MB
2026-06-05 12:17:25,469 - INFO - Space saved:       82.5% (11.09 MB)
2026-06-05 12:17:25,469 - INFO - ==================================================
2026-06-05 12:17:25,469 - INFO - Verifying datatype preservation for key columns:
2026-06-05 12:17:25,470 - DEBUG -   date: datetime64[us] (matches datetime type)
2026-06-05 12:17:25,471 - WARNING -   location: Expected object, got str
2026-06-05 12:17:25,471 - DEBUG -   mintemp: float64 (matches)
2026-06-05 12:17:25,472 - DEBUG -   maxtemp: float64 (matches)
2026-06-05 12:17:25,473 - DEBUG -   rainfall: float64 (matches)
2026-06-05 12:17:25,473 - DEBUG -   temp_range: float64 (matches)
2026-06-05 12:17:25,474 - DEBUG -   is_hot_day: bool (matches)
2026-06-05 12:17:25,475 - WARNING -   season: Expected object, got str
2026-06-05 12:17:25,475 - WARNING - Found 2 datatype mismatches
2026-06-05 12:17:25,475 - INFO - Parquet save complete.
2026-06-05 12:19:00,704 - INFO - Loading file : weatherAUS.csv
2026-06-05 12:19:01,308 - INFO - Successfully loaded 145460 rows and 23 columns
2026-06-05 12:19:01,324 - WARNING - High missing data: 10.3% of dataset is null
2026-06-05 12:19:01,325 - INFO - Extract complete.
2026-06-05 12:19:01,325 - INFO - starting the transformation....
2026-06-05 12:19:01,345 - INFO - Dropped 3 columns: ['Evaporation', 'Sunshine', 'Cloud3pm']
2026-06-05 12:19:01,433 - INFO - Filled numeric columns: 13 columns
2026-06-05 12:19:01,487 - INFO - Filled text columns: 7 columns
2026-06-05 12:19:01,495 - INFO - All missing values have been filled!
2026-06-05 12:19:01,496 - INFO - transformation complete.
2026-06-05 12:19:01,496 - INFO - Fixing the names and data types...
2026-06-05 12:19:01,503 - INFO - Renamed columns: 20 to 20 columns
2026-06-05 12:19:01,707 - INFO - Added derived date columns: year, month, day, day_of_week
2026-06-05 12:19:01,709 - INFO - Created 'temp_range' feature using maxtemp and mintemp
2026-06-05 12:19:01,711 - INFO - Created 'is_hot_day' feature (True when maxtemp > 35)
2026-06-05 12:19:01,719 - INFO - Created 'season' column from month
2026-06-05 12:19:01,733 - INFO - Schema fixed . Columns now: ['date', 'location', 'mintemp', 'maxtemp', 'rainfall', 'windgustdir', 'windgustspeed', 'winddir9am', 'winddir3pm', 'windspeed9am', 'windspeed3pm', 'humidity9am', 'humidity3pm', 'pressure9am', 'pressure3pm', 'cloud9am', 'temp9am', 'temp3pm', 'raintoday', 'raintomorrow', 'year', 'month', 'day', 'day_of_week', 'temp_range', 'is_hot_day', 'season']
2026-06-05 12:19:01,752 - INFO - Saving to Parquet: data/weather_cleaned.parquet
2026-06-05 12:19:02,015 - INFO - Successfully saved DataFrame with 145460 rows to data/weather_cleaned.parquet
2026-06-05 12:19:02,122 - INFO - Row count verification PASSED: 145460 rows saved and verified
2026-06-05 12:19:02,123 - INFO - ==================================================
2026-06-05 12:19:02,123 - INFO - FILE SIZE COMPARISON
2026-06-05 12:19:02,123 - INFO - CSV file size:     13.44 MB
2026-06-05 12:19:02,123 - INFO - Parquet file size: 2.35 MB
2026-06-05 12:19:02,124 - INFO - Space saved:       82.5% (11.09 MB)
2026-06-05 12:19:02,124 - INFO - ==================================================
2026-06-05 12:19:02,124 - INFO - Verifying datatype preservation for key columns:
2026-06-05 12:19:02,125 - DEBUG -   date: datetime64[us] (matches datetime type)
2026-06-05 12:19:02,126 - DEBUG -   location: str (matches)
2026-06-05 12:19:02,126 - DEBUG -   mintemp: float64 (matches)
2026-06-05 12:19:02,126 - DEBUG -   maxtemp: float64 (matches)
2026-06-05 12:19:02,127 - DEBUG -   rainfall: float64 (matches)
2026-06-05 12:19:02,127 - DEBUG -   temp_range: float64 (matches)
2026-06-05 12:19:02,129 - DEBUG -   is_hot_day: bool (matches)
2026-06-05 12:19:02,129 - WARNING -   season: Expected object, got str
2026-06-05 12:19:02,130 - WARNING - Found 1 datatype mismatches
2026-06-05 12:19:02,130 - INFO - Parquet save complete.
2026-06-07 00:49:03,514 - INFO - Loading file : weatherAUS.csv
2026-06-07 00:49:04,264 - INFO - Successfully loaded 145460 rows and 23 columns
2026-06-07 00:49:04,308 - WARNING - High missing data: 10.3% of dataset is null
2026-06-07 00:49:04,309 - INFO - Extract complete.
2026-06-07 00:49:04,309 - INFO - starting the transformation....
2026-06-07 00:49:04,350 - INFO - Dropped 3 columns: ['Evaporation', 'Sunshine', 'Cloud3pm']
2026-06-07 00:49:04,443 - INFO - Filled numeric columns: 13 columns
2026-06-07 00:49:04,503 - INFO - Filled text columns: 7 columns
2026-06-07 00:49:04,513 - INFO - All missing values have been filled!
2026-06-07 00:49:04,514 - INFO - transformation complete.
2026-06-07 00:49:04,515 - INFO - Fixing the names and data types...
2026-06-07 00:49:04,549 - INFO - Renamed columns: 20 to 20 columns
2026-06-07 00:49:04,809 - INFO - Added derived date columns: year, month, day, day_of_week
2026-06-07 00:49:04,811 - INFO - Created 'temp_range' feature using maxtemp and mintemp
2026-06-07 00:49:04,812 - INFO - Created 'is_hot_day' feature (True when maxtemp > 35)
2026-06-07 00:49:04,826 - INFO - Created 'season' column from month
2026-06-07 00:49:04,863 - INFO - Schema fixed . Columns now: ['date', 'location', 'mintemp', 'maxtemp', 'rainfall', 'windgustdir', 'windgustspeed', 'winddir9am', 'winddir3pm', 'windspeed9am', 'windspeed3pm', 'humidity9am', 'humidity3pm', 'pressure9am', 'pressure3pm', 'cloud9am', 'temp9am', 'temp3pm', 'raintoday', 'raintomorrow', 'year', 'month', 'day', 'day_of_week', 'temp_range', 'is_hot_day', 'season']
2026-06-07 00:49:04,902 - INFO - Saving to Parquet: data/weather_cleaned.parquet
2026-06-07 00:49:05,741 - INFO - Successfully saved DataFrame with 145460 rows to data/weather_cleaned.parquet
2026-06-07 00:49:06,575 - INFO - Row count verification PASSED: 145460 rows saved and verified
2026-06-07 00:49:06,575 - INFO - ==================================================
2026-06-07 00:49:06,576 - INFO - FILE SIZE COMPARISON
2026-06-07 00:49:06,576 - INFO - CSV file size:     13.44 MB
2026-06-07 00:49:06,576 - INFO - Parquet file size: 2.35 MB
2026-06-07 00:49:06,576 - INFO - Space saved:       82.5% (11.09 MB)
2026-06-07 00:49:06,577 - INFO - ==================================================
2026-06-07 00:49:06,577 - INFO - Verifying datatype preservation for key columns:
2026-06-07 00:49:06,578 - DEBUG -   date: datetime64[us] (matches datetime type)
2026-06-07 00:49:06,578 - DEBUG -   location: str (matches)
2026-06-07 00:49:06,579 - DEBUG -   mintemp: float64 (matches)
2026-06-07 00:49:06,580 - DEBUG -   maxtemp: float64 (matches)
2026-06-07 00:49:06,580 - DEBUG -   rainfall: float64 (matches)
2026-06-07 00:49:06,582 - DEBUG -   temp_range: float64 (matches)
2026-06-07 00:49:06,583 - DEBUG -   is_hot_day: bool (matches)
2026-06-07 00:49:06,583 - WARNING -   season: Expected object, got str
2026-06-07 00:49:06,585 - WARNING - Found 1 datatype mismatches
2026-06-07 00:49:06,585 - INFO - Parquet save complete.
2026-06-07 00:51:04,356 - INFO - Loading file : weatherAUS.csv
2026-06-07 00:51:05,010 - INFO - Successfully loaded 145460 rows and 23 columns
2026-06-07 00:51:05,029 - WARNING - High missing data: 10.3% of dataset is null
2026-06-07 00:51:05,030 - INFO - Extract complete.
